<html>
<body>
<pre>
<h1>µVision Build Log</h1>
<h2>Tool Versions:</h2>
IDE-Version: ¦ÌVision V5.14.0.0
Copyright (C) 2015 ARM Ltd and ARM Germany GmbH. All rights reserved.
License Information: j dell, j, LIC=HF8LQ-NNX4V-EX3UX-HN72J-I3FT2-5VML0
 
Tool Versions:
Toolchain:       MDK-ARM Professional  Version: 5.14.0.0
Toolchain Path:  C:\Keil_v5\ARM\ARMCC\Bin
C Compiler:      Armcc.exe V5.05 update 1 (build 106)
Assembler:       Armasm.exe V5.05 update 1 (build 106)
Linker/Locator:  ArmLink.exe V5.05 update 1 (build 106)
Library Manager: ArmAr.exe V5.05 update 1 (build 106)
Hex Converter:   FromElf.exe V5.05 update 1 (build 106)
CPU DLL:         SARMCM3.DLL V5.14.0.0
Dialog DLL:      DCM.DLL V1.13.1.0
Target DLL:      Segger\JL2CM3.dll V2.99.13.0
Dialog DLL:      TCM.DLL V1.14.4.0
 
<h2>Project:</h2>
C:\Users\dell\Documents\Tencent Files\1042580496\FileRecv\ZR__Robort_Capture6_Uart\Project\RVMDK£¨uv4£©\Robort_Stm32.uvprojx
Project File Date:  06/12/2018

<h2>Output:</h2>
Build target 'Robort_Stm32'
compiling App_Message.c...
..\..\APP\App_Message.c(35): warning:  #177-D: function "Crc16" was declared but never referenced
  static int Crc16(u8 *ptr, int count)
..\..\APP\App_Message.c: 1 warning, 0 errors
compiling BSP_Uart.c...
linking...
Program Size: Code=30628 RO-data=580 RW-data=452 ZI-data=6684  
FromELF: creating hex file...
"..\..\Output\Robort_Stm32.axf" - 0 Error(s), 1 Warning(s).

<h2>Collection of Component include folders:</h2>
  C:\Users\dell\Documents\Tencent Files\1042580496\FileRecv\ZR__Robort_Capture6_Uart\Project\RVMDK£¨uv4£©\RTE
  C:\Keil_v5\ARM\PACK\Keil\STM32F1xx_DFP\1.0.5\Device\Include

<h2>Collection of Component Files used:</h2>
</pre>
</body>
</html>
